// Jest Snapshot v1, https://goo.gl/fbAQLP

exports[`# integration test ## should generate design and run bst commands 1`] = `
"
info: loading map templates/map.json
info: Opening git repository testoutput/.git
warn: Ignoring error Error: cannot stash changes - there is nothing to stash.
info: Attempting to use branch master-sgen-generated
info: Creating new branch master-sgen-generated
warn: Checkout branch master
warn: Checkout branch master-sgen-generated
info: Generated testoutput/.prettierrc from template templates/.prettierrc._
info: Generated testoutput/renovate.json from template templates/renovate.json._
info: Generated testoutput/.mergify.yml from template templates/.mergify.yml._
info: Generated testoutput/.npmrc from template templates/.npmrc._
info: Generated testoutput/azure-pipelines.yml from template templates/azure-pipelines.yml._
warn: Checkout branch master-sgen-generated
info: Committed generated files
warn: Checkout branch master
warn: Generator branch master-sgen-generated was modified


info: sgen is done
"
`;

exports[`# integration test ## should print help options 1`] = `
"Usage:
  node sgen [OPTION]

Options:
  -m, --map=ARG+       mapping files
  -d, --design=ARG+    design files
  -e, --extension=ARG+ extension directories or files
  -o, --output=ARG     output directory for generated files
  -g, --generator=ARG+ generators to be used
  -h, --help           display this help
"
`;
